#! /usr/bin/vvp
:ivl_version "12.0 (stable)";
:ivl_delay_selection "TYPICAL";
:vpi_time_precision - 12;
:vpi_module "/usr/lib/x86_64-linux-gnu/ivl/system.vpi";
:vpi_module "/usr/lib/x86_64-linux-gnu/ivl/vhdl_sys.vpi";
:vpi_module "/usr/lib/x86_64-linux-gnu/ivl/vhdl_textio.vpi";
:vpi_module "/usr/lib/x86_64-linux-gnu/ivl/v2005_math.vpi";
:vpi_module "/usr/lib/x86_64-linux-gnu/ivl/va_math.vpi";
:vpi_module "/usr/lib/x86_64-linux-gnu/ivl/v2009.vpi";
S_0x600cdd396c30 .scope package, "$unit" "$unit" 2 1;
 .timescale 0 0;
S_0x600cdd396dc0 .scope module, "rom_tb" "rom_tb" 3 3;
 .timescale -9 -12;
v0x600cdd3aa570_0 .var "addr", 7 0;
v0x600cdd3aa630_0 .var "clk", 0 0;
v0x600cdd3aa700_0 .net "data", 7 0, L_0x600cdd3aaa90;  1 drivers
E_0x600cdd3705b0 .event posedge, v0x600cdd3aa240_0;
S_0x600cdd35c490 .scope module, "uut" "rom" 3 9, 4 3 0, S_0x600cdd396dc0;
 .timescale -9 -12;
    .port_info 0 /INPUT 1 "clk";
    .port_info 1 /INPUT 8 "addr";
    .port_info 2 /OUTPUT 8 "data";
P_0x600cdd381e00 .param/l "ADDR_WIDTH" 0 4 5, +C4<00000000000000000000000000001000>;
P_0x600cdd381e40 .param/l "DATA_WIDTH" 0 4 4, +C4<00000000000000000000000000001000>;
L_0x600cdd3aaa90 .functor BUFZ 8, L_0x600cdd3aa800, C4<00000000>, C4<00000000>, C4<00000000>;
v0x600cdd3978a0_0 .net *"_ivl_0", 7 0, L_0x600cdd3aa800;  1 drivers
v0x600cdd3a9f90_0 .net *"_ivl_2", 9 0, L_0x600cdd3aa900;  1 drivers
L_0x757d5ee84018 .functor BUFT 1, C4<00>, C4<0>, C4<0>, C4<0>;
v0x600cdd3aa070_0 .net *"_ivl_5", 1 0, L_0x757d5ee84018;  1 drivers
v0x600cdd3aa160_0 .net "addr", 7 0, v0x600cdd3aa570_0;  1 drivers
v0x600cdd3aa240_0 .net "clk", 0 0, v0x600cdd3aa630_0;  1 drivers
v0x600cdd3aa350_0 .net "data", 7 0, L_0x600cdd3aaa90;  alias, 1 drivers
v0x600cdd3aa430 .array "mem", 255 0, 7 0;
L_0x600cdd3aa800 .array/port v0x600cdd3aa430, L_0x600cdd3aa900;
L_0x600cdd3aa900 .concat [ 8 2 0 0], v0x600cdd3aa570_0, L_0x757d5ee84018;
    .scope S_0x600cdd35c490;
T_0 ;
    %vpi_call/w 4 20 "$readmemh", "message.mem", v0x600cdd3aa430 {0 0 0};
    %end;
    .thread T_0;
    .scope S_0x600cdd396dc0;
T_1 ;
    %pushi/vec4 0, 0, 1;
    %store/vec4 v0x600cdd3aa630_0, 0, 1;
T_1.0 ;
    %delay 5000, 0;
    %load/vec4 v0x600cdd3aa630_0;
    %inv;
    %store/vec4 v0x600cdd3aa630_0, 0, 1;
    %jmp T_1.0;
    %end;
    .thread T_1;
    .scope S_0x600cdd396dc0;
T_2 ;
    %pushi/vec4 0, 0, 8;
    %store/vec4 v0x600cdd3aa570_0, 0, 8;
    %pushi/vec4 11, 0, 32;
T_2.0 %dup/vec4;
    %pushi/vec4 0, 0, 32;
    %cmp/s;
    %jmp/1xz T_2.1, 5;
    %jmp/1 T_2.1, 4;
    %pushi/vec4 1, 0, 32;
    %sub;
    %wait E_0x600cdd3705b0;
    %delay 1000, 0;
    %vpi_call/w 3 27 "$display", "Address=%0d Data=0x%02h Character=%c", v0x600cdd3aa570_0, v0x600cdd3aa700_0, v0x600cdd3aa700_0 {0 0 0};
    %load/vec4 v0x600cdd3aa570_0;
    %addi 1, 0, 8;
    %store/vec4 v0x600cdd3aa570_0, 0, 8;
    %jmp T_2.0;
T_2.1 ;
    %pop/vec4 1;
    %vpi_call/w 3 33 "$finish" {0 0 0};
    %end;
    .thread T_2;
# The file index is used to find the file name in the following table.
:file_names 5;
    "N/A";
    "<interactive>";
    "-";
    "sim/rom_tb.sv";
    "src/rom.v";
