#! /usr/bin/vvp
:ivl_version "12.0 (stable)";
:ivl_delay_selection "TYPICAL";
:vpi_time_precision - 12;
:vpi_module "/usr/lib/x86_64-linux-gnu/ivl/system.vpi";
:vpi_module "/usr/lib/x86_64-linux-gnu/ivl/vhdl_sys.vpi";
:vpi_module "/usr/lib/x86_64-linux-gnu/ivl/vhdl_textio.vpi";
:vpi_module "/usr/lib/x86_64-linux-gnu/ivl/v2005_math.vpi";
:vpi_module "/usr/lib/x86_64-linux-gnu/ivl/va_math.vpi";
:vpi_module "/usr/lib/x86_64-linux-gnu/ivl/v2009.vpi";
S_0x62cf8cf27680 .scope package, "$unit" "$unit" 2 1;
 .timescale 0 0;
S_0x62cf8cf27810 .scope module, "baud_gen" "baud_gen" 3 15;
 .timescale -9 -12;
    .port_info 0 /INPUT 1 "clk";
    .port_info 1 /INPUT 1 "rst_n";
    .port_info 2 /OUTPUT 1 "baud_tick";
P_0x62cf8cf279a0 .param/l "BAUD_DIV" 1 3 25, +C4<00000000000000000000000011101010>;
P_0x62cf8cf279e0 .param/l "BAUD_RATE" 0 3 17, +C4<00000000000000011100001000000000>;
P_0x62cf8cf27a20 .param/l "CLK_FREQ" 0 3 16, +C4<00000001100110111111110011000000>;
v0x62cf8cf1c100_0 .var "baud_tick", 0 0;
o0x7de367dcf048 .functor BUFZ 1, C4<z>; HiZ drive
v0x62cf8cf1c1a0_0 .net "clk", 0 0, o0x7de367dcf048;  0 drivers
v0x62cf8cf55170_0 .var "counter", 7 0;
o0x7de367dcf0a8 .functor BUFZ 1, C4<z>; HiZ drive
v0x62cf8cf55260_0 .net "rst_n", 0 0, o0x7de367dcf0a8;  0 drivers
E_0x62cf8cf0d780/0 .event negedge, v0x62cf8cf55260_0;
E_0x62cf8cf0d780/1 .event posedge, v0x62cf8cf1c1a0_0;
E_0x62cf8cf0d780 .event/or E_0x62cf8cf0d780/0, E_0x62cf8cf0d780/1;
S_0x62cf8cf2ad90 .scope module, "clock_divisor" "clock_divisor" 4 1;
 .timescale -9 -12;
    .port_info 0 /INPUT 1 "clkin";
    .port_info 1 /INPUT 1 "rst_n";
    .port_info 2 /OUTPUT 1 "clkout";
P_0x62cf8cf2af20 .param/l "Div" 0 4 2, +C4<00000000000000000000000000000010>;
o0x7de367dcf168 .functor BUFZ 1, C4<z>; HiZ drive
v0x62cf8cf553c0_0 .net "clkin", 0 0, o0x7de367dcf168;  0 drivers
v0x62cf8cf554a0_0 .var "clkout", 0 0;
v0x62cf8cf55560_0 .var/i "count", 31 0;
o0x7de367dcf1f8 .functor BUFZ 1, C4<z>; HiZ drive
v0x62cf8cf55650_0 .net "rst_n", 0 0, o0x7de367dcf1f8;  0 drivers
E_0x62cf8cf0d840/0 .event negedge, v0x62cf8cf55650_0;
E_0x62cf8cf0d840/1 .event posedge, v0x62cf8cf553c0_0;
E_0x62cf8cf0d840 .event/or E_0x62cf8cf0d840/0, E_0x62cf8cf0d840/1;
S_0x62cf8cf2b010 .scope module, "top_tb" "top_tb" 5 3;
 .timescale -9 -12;
v0x62cf8cf57b60_0 .var "clk", 0 0;
v0x62cf8cf57c00_0 .var "rst_n", 0 0;
v0x62cf8cf57ca0_0 .net "tx", 0 0, v0x62cf8cf56dd0_0;  1 drivers
E_0x62cf8cf1d200 .event posedge, v0x62cf8cf564c0_0;
S_0x62cf8cf557b0 .scope module, "DUT" "top" 5 14, 6 3 0, S_0x62cf8cf2b010;
 .timescale -9 -12;
    .port_info 0 /INPUT 1 "clk";
    .port_info 1 /INPUT 1 "rst_n";
    .port_info 2 /OUTPUT 1 "tx";
P_0x62cf8cf559b0 .param/l "IDLE" 1 6 53, C4<000>;
P_0x62cf8cf559f0 .param/l "NEXT_CHAR" 1 6 57, C4<100>;
P_0x62cf8cf55a30 .param/l "READ_ROM" 1 6 54, C4<001>;
P_0x62cf8cf55a70 .param/l "START_TX" 1 6 55, C4<010>;
P_0x62cf8cf55ab0 .param/l "WAIT_DONE" 1 6 56, C4<011>;
v0x62cf8cf572e0_0 .net "clk", 0 0, v0x62cf8cf57b60_0;  1 drivers
v0x62cf8cf573a0_0 .var "rom_addr", 7 0;
v0x62cf8cf57460_0 .net "rom_data", 7 0, L_0x62cf8cf1bfe0;  1 drivers
v0x62cf8cf57530_0 .net "rst_n", 0 0, v0x62cf8cf57c00_0;  1 drivers
v0x62cf8cf57600_0 .var "state", 2 0;
v0x62cf8cf576f0_0 .net "tx", 0 0, v0x62cf8cf56dd0_0;  alias, 1 drivers
v0x62cf8cf57790_0 .net "tx_busy", 0 0, v0x62cf8cf56ee0_0;  1 drivers
v0x62cf8cf57860_0 .var "tx_data", 7 0;
v0x62cf8cf57930_0 .net "tx_done", 0 0, v0x62cf8cf57080_0;  1 drivers
v0x62cf8cf57a90_0 .var "tx_start", 0 0;
S_0x62cf8cf55da0 .scope module, "ROM" "rom" 6 25, 7 3 0, S_0x62cf8cf557b0;
 .timescale -9 -12;
    .port_info 0 /INPUT 1 "clk";
    .port_info 1 /INPUT 8 "addr";
    .port_info 2 /OUTPUT 8 "data";
P_0x62cf8cf194f0 .param/l "ADDR_WIDTH" 0 7 5, +C4<00000000000000000000000000001000>;
P_0x62cf8cf19530 .param/l "DATA_WIDTH" 0 7 4, +C4<00000000000000000000000000001000>;
L_0x62cf8cf1bfe0 .functor BUFZ 8, L_0x62cf8cf57d90, C4<00000000>, C4<00000000>, C4<00000000>;
v0x62cf8cf56110_0 .net *"_ivl_0", 7 0, L_0x62cf8cf57d90;  1 drivers
v0x62cf8cf56210_0 .net *"_ivl_2", 9 0, L_0x62cf8cf57e60;  1 drivers
L_0x7de367d86018 .functor BUFT 1, C4<00>, C4<0>, C4<0>, C4<0>;
v0x62cf8cf562f0_0 .net *"_ivl_5", 1 0, L_0x7de367d86018;  1 drivers
v0x62cf8cf563e0_0 .net "addr", 7 0, v0x62cf8cf573a0_0;  1 drivers
v0x62cf8cf564c0_0 .net "clk", 0 0, v0x62cf8cf57b60_0;  alias, 1 drivers
v0x62cf8cf565d0_0 .net "data", 7 0, L_0x62cf8cf1bfe0;  alias, 1 drivers
v0x62cf8cf566b0 .array "mem", 255 0, 7 0;
L_0x62cf8cf57d90 .array/port v0x62cf8cf566b0, L_0x62cf8cf57e60;
L_0x62cf8cf57e60 .concat [ 8 2 0 0], v0x62cf8cf573a0_0, L_0x7de367d86018;
S_0x62cf8cf567f0 .scope module, "UART_TX" "Tx" 6 35, 8 3 0, S_0x62cf8cf557b0;
 .timescale -9 -12;
    .port_info 0 /INPUT 1 "clk";
    .port_info 1 /INPUT 1 "rst_n";
    .port_info 2 /INPUT 1 "tx_start";
    .port_info 3 /INPUT 8 "tx_data";
    .port_info 4 /OUTPUT 1 "tx";
    .port_info 5 /OUTPUT 1 "tx_busy";
    .port_info 6 /OUTPUT 1 "tx_done";
v0x62cf8cf56aa0_0 .var "bit_count", 3 0;
v0x62cf8cf56ba0_0 .net "clk", 0 0, v0x62cf8cf57b60_0;  alias, 1 drivers
v0x62cf8cf56c60_0 .net "rst_n", 0 0, v0x62cf8cf57c00_0;  alias, 1 drivers
v0x62cf8cf56d30_0 .var "shift_reg", 9 0;
v0x62cf8cf56dd0_0 .var "tx", 0 0;
v0x62cf8cf56ee0_0 .var "tx_busy", 0 0;
v0x62cf8cf56fa0_0 .net "tx_data", 7 0, v0x62cf8cf57860_0;  1 drivers
v0x62cf8cf57080_0 .var "tx_done", 0 0;
v0x62cf8cf57140_0 .net "tx_start", 0 0, v0x62cf8cf57a90_0;  1 drivers
E_0x62cf8cf1d300/0 .event negedge, v0x62cf8cf56c60_0;
E_0x62cf8cf1d300/1 .event posedge, v0x62cf8cf564c0_0;
E_0x62cf8cf1d300 .event/or E_0x62cf8cf1d300/0, E_0x62cf8cf1d300/1;
    .scope S_0x62cf8cf27810;
T_0 ;
    %wait E_0x62cf8cf0d780;
    %load/vec4 v0x62cf8cf55260_0;
    %pad/u 32;
    %cmpi/e 0, 0, 32;
    %jmp/0xz  T_0.0, 4;
    %pushi/vec4 0, 0, 8;
    %assign/vec4 v0x62cf8cf55170_0, 0;
    %pushi/vec4 0, 0, 1;
    %assign/vec4 v0x62cf8cf1c100_0, 0;
    %jmp T_0.1;
T_0.0 ;
    %load/vec4 v0x62cf8cf55170_0;
    %pad/u 32;
    %cmpi/e 233, 0, 32;
    %jmp/0xz  T_0.2, 4;
    %pushi/vec4 0, 0, 8;
    %assign/vec4 v0x62cf8cf55170_0, 0;
    %load/vec4 v0x62cf8cf1c100_0;
    %inv;
    %assign/vec4 v0x62cf8cf1c100_0, 0;
    %jmp T_0.3;
T_0.2 ;
    %load/vec4 v0x62cf8cf55170_0;
    %addi 1, 0, 8;
    %assign/vec4 v0x62cf8cf55170_0, 0;
T_0.3 ;
T_0.1 ;
    %jmp T_0;
    .thread T_0;
    .scope S_0x62cf8cf2ad90;
T_1 ;
    %wait E_0x62cf8cf0d840;
    %load/vec4 v0x62cf8cf55650_0;
    %nor/r;
    %flag_set/vec4 8;
    %jmp/0xz  T_1.0, 8;
    %pushi/vec4 0, 0, 32;
    %assign/vec4 v0x62cf8cf55560_0, 0;
    %pushi/vec4 0, 0, 1;
    %assign/vec4 v0x62cf8cf554a0_0, 0;
    %jmp T_1.1;
T_1.0 ;
    %load/vec4 v0x62cf8cf55560_0;
    %cmpi/e 0, 0, 32;
    %jmp/0xz  T_1.2, 4;
    %pushi/vec4 0, 0, 32;
    %assign/vec4 v0x62cf8cf55560_0, 0;
    %load/vec4 v0x62cf8cf554a0_0;
    %inv;
    %assign/vec4 v0x62cf8cf554a0_0, 0;
    %jmp T_1.3;
T_1.2 ;
    %load/vec4 v0x62cf8cf55560_0;
    %addi 1, 0, 32;
    %assign/vec4 v0x62cf8cf55560_0, 0;
T_1.3 ;
T_1.1 ;
    %jmp T_1;
    .thread T_1;
    .scope S_0x62cf8cf55da0;
T_2 ;
    %vpi_call/w 7 20 "$readmemh", "message.mem", v0x62cf8cf566b0 {0 0 0};
    %end;
    .thread T_2;
    .scope S_0x62cf8cf567f0;
T_3 ;
    %wait E_0x62cf8cf1d300;
    %load/vec4 v0x62cf8cf56c60_0;
    %nor/r;
    %flag_set/vec4 8;
    %jmp/0xz  T_3.0, 8;
    %pushi/vec4 1, 0, 1;
    %assign/vec4 v0x62cf8cf56dd0_0, 0;
    %pushi/vec4 0, 0, 1;
    %assign/vec4 v0x62cf8cf56ee0_0, 0;
    %pushi/vec4 0, 0, 1;
    %assign/vec4 v0x62cf8cf57080_0, 0;
    %pushi/vec4 1023, 0, 10;
    %assign/vec4 v0x62cf8cf56d30_0, 0;
    %pushi/vec4 0, 0, 4;
    %assign/vec4 v0x62cf8cf56aa0_0, 0;
    %jmp T_3.1;
T_3.0 ;
    %pushi/vec4 0, 0, 1;
    %assign/vec4 v0x62cf8cf57080_0, 0;
    %load/vec4 v0x62cf8cf57140_0;
    %flag_set/vec4 9;
    %flag_get/vec4 9;
    %jmp/0 T_3.4, 9;
    %load/vec4 v0x62cf8cf56ee0_0;
    %nor/r;
    %and;
T_3.4;
    %flag_set/vec4 8;
    %jmp/0xz  T_3.2, 8;
    %pushi/vec4 1, 0, 1;
    %load/vec4 v0x62cf8cf56fa0_0;
    %concat/vec4; draw_concat_vec4
    %concati/vec4 0, 0, 1;
    %assign/vec4 v0x62cf8cf56d30_0, 0;
    %pushi/vec4 1, 0, 1;
    %assign/vec4 v0x62cf8cf56ee0_0, 0;
    %pushi/vec4 10, 0, 4;
    %assign/vec4 v0x62cf8cf56aa0_0, 0;
    %jmp T_3.3;
T_3.2 ;
    %load/vec4 v0x62cf8cf56ee0_0;
    %flag_set/vec4 8;
    %jmp/0xz  T_3.5, 8;
    %load/vec4 v0x62cf8cf56d30_0;
    %parti/s 1, 0, 2;
    %assign/vec4 v0x62cf8cf56dd0_0, 0;
    %pushi/vec4 1, 0, 1;
    %load/vec4 v0x62cf8cf56d30_0;
    %parti/s 9, 1, 2;
    %concat/vec4; draw_concat_vec4
    %assign/vec4 v0x62cf8cf56d30_0, 0;
    %load/vec4 v0x62cf8cf56aa0_0;
    %subi 1, 0, 4;
    %assign/vec4 v0x62cf8cf56aa0_0, 0;
    %load/vec4 v0x62cf8cf56aa0_0;
    %pad/u 32;
    %cmpi/e 1, 0, 32;
    %jmp/0xz  T_3.7, 4;
    %pushi/vec4 0, 0, 1;
    %assign/vec4 v0x62cf8cf56ee0_0, 0;
    %pushi/vec4 1, 0, 1;
    %assign/vec4 v0x62cf8cf57080_0, 0;
    %pushi/vec4 1, 0, 1;
    %assign/vec4 v0x62cf8cf56dd0_0, 0;
T_3.7 ;
    %jmp T_3.6;
T_3.5 ;
    %pushi/vec4 1, 0, 1;
    %assign/vec4 v0x62cf8cf56dd0_0, 0;
T_3.6 ;
T_3.3 ;
T_3.1 ;
    %jmp T_3;
    .thread T_3;
    .scope S_0x62cf8cf557b0;
T_4 ;
    %wait E_0x62cf8cf1d300;
    %load/vec4 v0x62cf8cf57530_0;
    %nor/r;
    %flag_set/vec4 8;
    %jmp/0xz  T_4.0, 8;
    %pushi/vec4 0, 0, 3;
    %assign/vec4 v0x62cf8cf57600_0, 0;
    %pushi/vec4 0, 0, 8;
    %assign/vec4 v0x62cf8cf573a0_0, 0;
    %pushi/vec4 0, 0, 1;
    %assign/vec4 v0x62cf8cf57a90_0, 0;
    %pushi/vec4 0, 0, 8;
    %assign/vec4 v0x62cf8cf57860_0, 0;
    %jmp T_4.1;
T_4.0 ;
    %load/vec4 v0x62cf8cf57600_0;
    %dup/vec4;
    %pushi/vec4 0, 0, 3;
    %cmp/u;
    %jmp/1 T_4.2, 6;
    %dup/vec4;
    %pushi/vec4 1, 0, 3;
    %cmp/u;
    %jmp/1 T_4.3, 6;
    %dup/vec4;
    %pushi/vec4 2, 0, 3;
    %cmp/u;
    %jmp/1 T_4.4, 6;
    %dup/vec4;
    %pushi/vec4 3, 0, 3;
    %cmp/u;
    %jmp/1 T_4.5, 6;
    %dup/vec4;
    %pushi/vec4 4, 0, 3;
    %cmp/u;
    %jmp/1 T_4.6, 6;
    %pushi/vec4 0, 0, 3;
    %assign/vec4 v0x62cf8cf57600_0, 0;
    %jmp T_4.8;
T_4.2 ;
    %pushi/vec4 1, 0, 3;
    %assign/vec4 v0x62cf8cf57600_0, 0;
    %jmp T_4.8;
T_4.3 ;
    %load/vec4 v0x62cf8cf57460_0;
    %assign/vec4 v0x62cf8cf57860_0, 0;
    %pushi/vec4 2, 0, 3;
    %assign/vec4 v0x62cf8cf57600_0, 0;
    %jmp T_4.8;
T_4.4 ;
    %pushi/vec4 1, 0, 1;
    %assign/vec4 v0x62cf8cf57a90_0, 0;
    %pushi/vec4 3, 0, 3;
    %assign/vec4 v0x62cf8cf57600_0, 0;
    %jmp T_4.8;
T_4.5 ;
    %pushi/vec4 0, 0, 1;
    %assign/vec4 v0x62cf8cf57a90_0, 0;
    %load/vec4 v0x62cf8cf57930_0;
    %flag_set/vec4 8;
    %jmp/0xz  T_4.9, 8;
    %pushi/vec4 4, 0, 3;
    %assign/vec4 v0x62cf8cf57600_0, 0;
T_4.9 ;
    %jmp T_4.8;
T_4.6 ;
    %load/vec4 v0x62cf8cf57860_0;
    %cmpi/e 0, 0, 8;
    %jmp/0xz  T_4.11, 4;
    %pushi/vec4 0, 0, 3;
    %assign/vec4 v0x62cf8cf57600_0, 0;
    %jmp T_4.12;
T_4.11 ;
    %load/vec4 v0x62cf8cf573a0_0;
    %addi 1, 0, 8;
    %assign/vec4 v0x62cf8cf573a0_0, 0;
    %pushi/vec4 1, 0, 3;
    %assign/vec4 v0x62cf8cf57600_0, 0;
T_4.12 ;
    %jmp T_4.8;
T_4.8 ;
    %pop/vec4 1;
T_4.1 ;
    %jmp T_4;
    .thread T_4;
    .scope S_0x62cf8cf2b010;
T_5 ;
    %pushi/vec4 0, 0, 1;
    %store/vec4 v0x62cf8cf57b60_0, 0, 1;
T_5.0 ;
    %delay 5000, 0;
    %load/vec4 v0x62cf8cf57b60_0;
    %inv;
    %store/vec4 v0x62cf8cf57b60_0, 0, 1;
    %jmp T_5.0;
    %end;
    .thread T_5;
    .scope S_0x62cf8cf2b010;
T_6 ;
    %vpi_call/w 5 40 "$dumpfile", "sim/top.vcd" {0 0 0};
    %vpi_call/w 5 41 "$dumpvars", 32'sb00000000000000000000000000000000, S_0x62cf8cf2b010 {0 0 0};
    %end;
    .thread T_6;
    .scope S_0x62cf8cf2b010;
T_7 ;
    %pushi/vec4 0, 0, 1;
    %store/vec4 v0x62cf8cf57c00_0, 0, 1;
    %delay 20000, 0;
    %pushi/vec4 1, 0, 1;
    %store/vec4 v0x62cf8cf57c00_0, 0, 1;
    %delay 2000000, 0;
    %vpi_call/w 5 59 "$finish" {0 0 0};
    %end;
    .thread T_7;
    .scope S_0x62cf8cf2b010;
T_8 ;
    %wait E_0x62cf8cf1d200;
    %vpi_call/w 5 69 "$display", "Time=%0t TX=%b Address=%0d Data=%h Busy=%b Done=%b", $time, v0x62cf8cf57ca0_0, v0x62cf8cf573a0_0, v0x62cf8cf57860_0, v0x62cf8cf57790_0, v0x62cf8cf57930_0 {0 0 0};
    %jmp T_8;
    .thread T_8;
# The file index is used to find the file name in the following table.
:file_names 9;
    "N/A";
    "<interactive>";
    "-";
    "src/baud_generate.v";
    "src/clock_divisor.v";
    "sim/top_tb.sv";
    "src/top.v";
    "src/rom.v";
    "src/Tx.v";
