#! /usr/bin/vvp
:ivl_version "12.0 (stable)";
:ivl_delay_selection "TYPICAL";
:vpi_time_precision - 12;
:vpi_module "/usr/lib/x86_64-linux-gnu/ivl/system.vpi";
:vpi_module "/usr/lib/x86_64-linux-gnu/ivl/vhdl_sys.vpi";
:vpi_module "/usr/lib/x86_64-linux-gnu/ivl/vhdl_textio.vpi";
:vpi_module "/usr/lib/x86_64-linux-gnu/ivl/v2005_math.vpi";
:vpi_module "/usr/lib/x86_64-linux-gnu/ivl/va_math.vpi";
:vpi_module "/usr/lib/x86_64-linux-gnu/ivl/v2009.vpi";
S_0x564ee51e7670 .scope package, "$unit" "$unit" 2 1;
 .timescale 0 0;
S_0x564ee51e7800 .scope module, "Tx_tb" "Tx_tb" 3 3;
 .timescale -9 -12;
v0x564ee5201ea0_0 .var "clk", 0 0;
v0x564ee5201f60_0 .var "rst_n", 0 0;
v0x564ee5202000_0 .net "tx", 0 0, v0x564ee5201990_0;  1 drivers
v0x564ee52020d0_0 .net "tx_busy", 0 0, v0x564ee5201aa0_0;  1 drivers
v0x564ee52021a0_0 .var "tx_data", 7 0;
v0x564ee5202240_0 .net "tx_done", 0 0, v0x564ee5201c40_0;  1 drivers
v0x564ee5202310_0 .var "tx_start", 0 0;
E_0x564ee51e30e0 .event posedge, v0x564ee51d3950_0;
E_0x564ee51a9d80 .event anyedge, v0x564ee5201c40_0;
S_0x564ee51a9490 .scope module, "DUT" "Tx" 3 14, 4 3 0, S_0x564ee51e7800;
 .timescale -9 -12;
    .port_info 0 /INPUT 1 "clk";
    .port_info 1 /INPUT 1 "rst_n";
    .port_info 2 /INPUT 1 "tx_start";
    .port_info 3 /INPUT 8 "tx_data";
    .port_info 4 /OUTPUT 1 "tx";
    .port_info 5 /OUTPUT 1 "tx_busy";
    .port_info 6 /OUTPUT 1 "tx_done";
v0x564ee51d3510_0 .var "bit_count", 3 0;
v0x564ee51d3950_0 .net "clk", 0 0, v0x564ee5201ea0_0;  1 drivers
v0x564ee5201810_0 .net "rst_n", 0 0, v0x564ee5201f60_0;  1 drivers
v0x564ee52018b0_0 .var "shift_reg", 9 0;
v0x564ee5201990_0 .var "tx", 0 0;
v0x564ee5201aa0_0 .var "tx_busy", 0 0;
v0x564ee5201b60_0 .net "tx_data", 7 0, v0x564ee52021a0_0;  1 drivers
v0x564ee5201c40_0 .var "tx_done", 0 0;
v0x564ee5201d00_0 .net "tx_start", 0 0, v0x564ee5202310_0;  1 drivers
E_0x564ee51cd780/0 .event negedge, v0x564ee5201810_0;
E_0x564ee51cd780/1 .event posedge, v0x564ee51d3950_0;
E_0x564ee51cd780 .event/or E_0x564ee51cd780/0, E_0x564ee51cd780/1;
    .scope S_0x564ee51a9490;
T_0 ;
    %wait E_0x564ee51cd780;
    %load/vec4 v0x564ee5201810_0;
    %nor/r;
    %flag_set/vec4 8;
    %jmp/0xz  T_0.0, 8;
    %pushi/vec4 1, 0, 1;
    %assign/vec4 v0x564ee5201990_0, 0;
    %pushi/vec4 0, 0, 1;
    %assign/vec4 v0x564ee5201aa0_0, 0;
    %pushi/vec4 0, 0, 1;
    %assign/vec4 v0x564ee5201c40_0, 0;
    %pushi/vec4 1023, 0, 10;
    %assign/vec4 v0x564ee52018b0_0, 0;
    %pushi/vec4 0, 0, 4;
    %assign/vec4 v0x564ee51d3510_0, 0;
    %jmp T_0.1;
T_0.0 ;
    %pushi/vec4 0, 0, 1;
    %assign/vec4 v0x564ee5201c40_0, 0;
    %load/vec4 v0x564ee5201d00_0;
    %flag_set/vec4 9;
    %flag_get/vec4 9;
    %jmp/0 T_0.4, 9;
    %load/vec4 v0x564ee5201aa0_0;
    %nor/r;
    %and;
T_0.4;
    %flag_set/vec4 8;
    %jmp/0xz  T_0.2, 8;
    %pushi/vec4 1, 0, 1;
    %load/vec4 v0x564ee5201b60_0;
    %concat/vec4; draw_concat_vec4
    %concati/vec4 0, 0, 1;
    %assign/vec4 v0x564ee52018b0_0, 0;
    %pushi/vec4 1, 0, 1;
    %assign/vec4 v0x564ee5201aa0_0, 0;
    %pushi/vec4 10, 0, 4;
    %assign/vec4 v0x564ee51d3510_0, 0;
    %jmp T_0.3;
T_0.2 ;
    %load/vec4 v0x564ee5201aa0_0;
    %flag_set/vec4 8;
    %jmp/0xz  T_0.5, 8;
    %load/vec4 v0x564ee52018b0_0;
    %parti/s 1, 0, 2;
    %assign/vec4 v0x564ee5201990_0, 0;
    %pushi/vec4 1, 0, 1;
    %load/vec4 v0x564ee52018b0_0;
    %parti/s 9, 1, 2;
    %concat/vec4; draw_concat_vec4
    %assign/vec4 v0x564ee52018b0_0, 0;
    %load/vec4 v0x564ee51d3510_0;
    %subi 1, 0, 4;
    %assign/vec4 v0x564ee51d3510_0, 0;
    %load/vec4 v0x564ee51d3510_0;
    %pad/u 32;
    %cmpi/e 1, 0, 32;
    %jmp/0xz  T_0.7, 4;
    %pushi/vec4 0, 0, 1;
    %assign/vec4 v0x564ee5201aa0_0, 0;
    %pushi/vec4 1, 0, 1;
    %assign/vec4 v0x564ee5201c40_0, 0;
    %pushi/vec4 1, 0, 1;
    %assign/vec4 v0x564ee5201990_0, 0;
T_0.7 ;
    %jmp T_0.6;
T_0.5 ;
    %pushi/vec4 1, 0, 1;
    %assign/vec4 v0x564ee5201990_0, 0;
T_0.6 ;
T_0.3 ;
T_0.1 ;
    %jmp T_0;
    .thread T_0;
    .scope S_0x564ee51e7800;
T_1 ;
    %pushi/vec4 0, 0, 1;
    %store/vec4 v0x564ee5201ea0_0, 0, 1;
T_1.0 ;
    %delay 5000, 0;
    %load/vec4 v0x564ee5201ea0_0;
    %inv;
    %store/vec4 v0x564ee5201ea0_0, 0, 1;
    %jmp T_1.0;
    %end;
    .thread T_1;
    .scope S_0x564ee51e7800;
T_2 ;
    %vpi_call/w 3 37 "$dumpfile", "sim/Tx.vcd" {0 0 0};
    %vpi_call/w 3 38 "$dumpvars", 32'sb00000000000000000000000000000000, S_0x564ee51e7800 {0 0 0};
    %end;
    .thread T_2;
    .scope S_0x564ee51e7800;
T_3 ;
    %pushi/vec4 0, 0, 1;
    %store/vec4 v0x564ee5201f60_0, 0, 1;
    %pushi/vec4 0, 0, 1;
    %store/vec4 v0x564ee5202310_0, 0, 1;
    %pushi/vec4 0, 0, 8;
    %store/vec4 v0x564ee52021a0_0, 0, 8;
    %delay 20000, 0;
    %pushi/vec4 1, 0, 1;
    %store/vec4 v0x564ee5201f60_0, 0, 1;
    %wait E_0x564ee51e30e0;
    %pushi/vec4 72, 0, 8;
    %store/vec4 v0x564ee52021a0_0, 0, 8;
    %pushi/vec4 1, 0, 1;
    %store/vec4 v0x564ee5202310_0, 0, 1;
    %wait E_0x564ee51e30e0;
    %pushi/vec4 0, 0, 1;
    %store/vec4 v0x564ee5202310_0, 0, 1;
T_3.0 ;
    %load/vec4 v0x564ee5202240_0;
    %cmpi/ne 1, 0, 1;
    %jmp/0xz T_3.1, 6;
    %wait E_0x564ee51a9d80;
    %jmp T_3.0;
T_3.1 ;
    %vpi_call/w 3 63 "$display", "--------------------------------" {0 0 0};
    %vpi_call/w 3 64 "$display", "Transmission Completed" {0 0 0};
    %vpi_call/w 3 65 "$display", "--------------------------------" {0 0 0};
    %delay 20000, 0;
    %vpi_call/w 3 68 "$finish" {0 0 0};
    %end;
    .thread T_3;
    .scope S_0x564ee51e7800;
T_4 ;
    %wait E_0x564ee51e30e0;
    %vpi_call/w 3 76 "$display", "Time=%0t  tx=%b  busy=%b  done=%b", $time, v0x564ee5202000_0, v0x564ee52020d0_0, v0x564ee5202240_0 {0 0 0};
    %jmp T_4;
    .thread T_4;
# The file index is used to find the file name in the following table.
:file_names 5;
    "N/A";
    "<interactive>";
    "-";
    "sim/Tx_tb.sv";
    "src/Tx.v";
