#! /usr/bin/vvp
:ivl_version "12.0 (stable)";
:ivl_delay_selection "TYPICAL";
:vpi_time_precision - 12;
:vpi_module "/usr/lib/x86_64-linux-gnu/ivl/system.vpi";
:vpi_module "/usr/lib/x86_64-linux-gnu/ivl/vhdl_sys.vpi";
:vpi_module "/usr/lib/x86_64-linux-gnu/ivl/vhdl_textio.vpi";
:vpi_module "/usr/lib/x86_64-linux-gnu/ivl/v2005_math.vpi";
:vpi_module "/usr/lib/x86_64-linux-gnu/ivl/va_math.vpi";
:vpi_module "/usr/lib/x86_64-linux-gnu/ivl/v2009.vpi";
S_0x57cf8d05d960 .scope package, "$unit" "$unit" 2 1;
 .timescale 0 0;
S_0x57cf8d05daf0 .scope module, "counter_tb" "counter_tb" 3 3;
 .timescale -9 -12;
v0x57cf8d070920_0 .net "led", 0 0, L_0x57cf8d04a2f0;  1 drivers
v0x57cf8d0709c0_0 .var "sys_clk", 0 0;
v0x57cf8d070a90_0 .var "sys_rst_n", 0 0;
S_0x57cf8d022490 .scope module, "dut" "counter" 3 11, 4 1 0, S_0x57cf8d05daf0;
 .timescale 0 0;
    .port_info 0 /INPUT 1 "sys_clk";
    .port_info 1 /INPUT 1 "sys_rst_n";
    .port_info 2 /OUTPUT 1 "led";
L_0x57cf8d04a2f0 .functor BUFZ 1, v0x57cf8d070630_0, C4<0>, C4<0>, C4<0>;
v0x57cf8d0226e0_0 .var "counter", 3 0;
v0x57cf8d070570_0 .net "led", 0 0, L_0x57cf8d04a2f0;  alias, 1 drivers
v0x57cf8d070630_0 .var "ledreg", 0 0;
v0x57cf8d0706d0_0 .net "sys_clk", 0 0, v0x57cf8d0709c0_0;  1 drivers
v0x57cf8d070790_0 .net "sys_rst_n", 0 0, v0x57cf8d070a90_0;  1 drivers
E_0x57cf8d05b770/0 .event negedge, v0x57cf8d070790_0;
E_0x57cf8d05b770/1 .event posedge, v0x57cf8d0706d0_0;
E_0x57cf8d05b770 .event/or E_0x57cf8d05b770/0, E_0x57cf8d05b770/1;
    .scope S_0x57cf8d022490;
T_0 ;
    %wait E_0x57cf8d05b770;
    %load/vec4 v0x57cf8d070790_0;
    %nor/r;
    %flag_set/vec4 8;
    %jmp/0xz  T_0.0, 8;
    %pushi/vec4 0, 0, 4;
    %assign/vec4 v0x57cf8d0226e0_0, 0;
    %pushi/vec4 0, 0, 1;
    %assign/vec4 v0x57cf8d070630_0, 0;
    %jmp T_0.1;
T_0.0 ;
    %load/vec4 v0x57cf8d0226e0_0;
    %pad/u 32;
    %cmpi/e 4294967294, 0, 32;
    %jmp/0xz  T_0.2, 4;
    %pushi/vec4 0, 0, 4;
    %assign/vec4 v0x57cf8d0226e0_0, 0;
    %load/vec4 v0x57cf8d070630_0;
    %inv;
    %assign/vec4 v0x57cf8d070630_0, 0;
    %jmp T_0.3;
T_0.2 ;
    %load/vec4 v0x57cf8d0226e0_0;
    %addi 1, 0, 4;
    %assign/vec4 v0x57cf8d0226e0_0, 0;
T_0.3 ;
T_0.1 ;
    %jmp T_0;
    .thread T_0;
    .scope S_0x57cf8d05daf0;
T_1 ;
    %pushi/vec4 0, 0, 1;
    %store/vec4 v0x57cf8d0709c0_0, 0, 1;
T_1.0 ;
    %delay 5000, 0;
    %load/vec4 v0x57cf8d0709c0_0;
    %inv;
    %store/vec4 v0x57cf8d0709c0_0, 0, 1;
    %jmp T_1.0;
    %end;
    .thread T_1;
    .scope S_0x57cf8d05daf0;
T_2 ;
    %vpi_call/w 3 26 "$dumpfile", "sim/counter.vcd" {0 0 0};
    %vpi_call/w 3 27 "$dumpvars", 32'sb00000000000000000000000000000000, S_0x57cf8d05daf0 {0 0 0};
    %pushi/vec4 0, 0, 1;
    %store/vec4 v0x57cf8d070a90_0, 0, 1;
    %delay 100000, 0;
    %pushi/vec4 1, 0, 1;
    %store/vec4 v0x57cf8d070a90_0, 0, 1;
    %delay 3525163520, 5;
    %vpi_call/w 3 39 "$display", "Simulation completed." {0 0 0};
    %vpi_call/w 3 40 "$finish" {0 0 0};
    %end;
    .thread T_2;
# The file index is used to find the file name in the following table.
:file_names 5;
    "N/A";
    "<interactive>";
    "-";
    "sim/counter_tb.v";
    "src/counter.v";
